// Jest Snapshot v1, https://goo.gl/fbAQLP

exports[`matches ProfilePage component snapshot 1`] = `
<div
  className="page-padding-top"
>
  <ul
    className="p-5"
    data-testid="rocket-list-test"
  />
</div>
`;
